MPLINK 4.48, Linker
Linker Map File - Created Thu Jul 22 12:03:33 2021

                                 Section Info
                  Section       Type    Address   Location Size(Bytes)
                ---------  ---------  ---------  ---------  ---------
                   .org_0       code   0x000000    program   0x000000
                   .org_1       code   0x000000    program   0x000002
                   .org_2       code   0x000005    program   0x0000b6



                              Program Memory Usage 
                               Start         End      
                           ---------   ---------      
                            0x000000    0x000000      
                            0x000005    0x00005f      
            92 out of 8454 program addresses used, program memory utilization is 1%



                              Symbols - Sorted by Name
                     Name    Address   Location    Storage File                     
                ---------  ---------  ---------  --------- ---------                
                      APG   0x00003e    program     static C:\Users\narut\OneDrive\Documentos\Escuela\Microcomputadoras\Laboratorio\Prcatica 4 y 5\E2.asm
                    CICLO   0x000010    program     static C:\Users\narut\OneDrive\Documentos\Escuela\Microcomputadoras\Laboratorio\Prcatica 4 y 5\E2.asm
                      DER   0x000044    program     static C:\Users\narut\OneDrive\Documentos\Escuela\Microcomputadoras\Laboratorio\Prcatica 4 y 5\E2.asm
                     DER1   0x000047    program     static C:\Users\narut\OneDrive\Documentos\Escuela\Microcomputadoras\Laboratorio\Prcatica 4 y 5\E2.asm
                     DER2   0x00002b    program     static C:\Users\narut\OneDrive\Documentos\Escuela\Microcomputadoras\Laboratorio\Prcatica 4 y 5\E2.asm
                   DERIZQ   0x000028    program     static C:\Users\narut\OneDrive\Documentos\Escuela\Microcomputadoras\Laboratorio\Prcatica 4 y 5\E2.asm
                   ENCAPG   0x000037    program     static C:\Users\narut\OneDrive\Documentos\Escuela\Microcomputadoras\Laboratorio\Prcatica 4 y 5\E2.asm
                   INICIO   0x000005    program     static C:\Users\narut\OneDrive\Documentos\Escuela\Microcomputadoras\Laboratorio\Prcatica 4 y 5\E2.asm
                      IZQ   0x00004c    program     static C:\Users\narut\OneDrive\Documentos\Escuela\Microcomputadoras\Laboratorio\Prcatica 4 y 5\E2.asm
                     IZQ1   0x00004e    program     static C:\Users\narut\OneDrive\Documentos\Escuela\Microcomputadoras\Laboratorio\Prcatica 4 y 5\E2.asm
                     IZQ2   0x000032    program     static C:\Users\narut\OneDrive\Documentos\Escuela\Microcomputadoras\Laboratorio\Prcatica 4 y 5\E2.asm
                     UNOS   0x000041    program     static C:\Users\narut\OneDrive\Documentos\Escuela\Microcomputadoras\Laboratorio\Prcatica 4 y 5\E2.asm
                      dos   0x000057    program     static C:\Users\narut\OneDrive\Documentos\Escuela\Microcomputadoras\Laboratorio\Prcatica 4 y 5\E2.asm
                  retardo   0x000053    program     static C:\Users\narut\OneDrive\Documentos\Escuela\Microcomputadoras\Laboratorio\Prcatica 4 y 5\E2.asm
                     tres   0x000055    program     static C:\Users\narut\OneDrive\Documentos\Escuela\Microcomputadoras\Laboratorio\Prcatica 4 y 5\E2.asm
                      uno   0x000059    program     static C:\Users\narut\OneDrive\Documentos\Escuela\Microcomputadoras\Laboratorio\Prcatica 4 y 5\E2.asm



                              Symbols - Sorted by Address
                     Name    Address   Location    Storage File                     
                ---------  ---------  ---------  --------- ---------                
                   INICIO   0x000005    program     static C:\Users\narut\OneDrive\Documentos\Escuela\Microcomputadoras\Laboratorio\Prcatica 4 y 5\E2.asm
                    CICLO   0x000010    program     static C:\Users\narut\OneDrive\Documentos\Escuela\Microcomputadoras\Laboratorio\Prcatica 4 y 5\E2.asm
                   DERIZQ   0x000028    program     static C:\Users\narut\OneDrive\Documentos\Escuela\Microcomputadoras\Laboratorio\Prcatica 4 y 5\E2.asm
                     DER2   0x00002b    program     static C:\Users\narut\OneDrive\Documentos\Escuela\Microcomputadoras\Laboratorio\Prcatica 4 y 5\E2.asm
                     IZQ2   0x000032    program     static C:\Users\narut\OneDrive\Documentos\Escuela\Microcomputadoras\Laboratorio\Prcatica 4 y 5\E2.asm
                   ENCAPG   0x000037    program     static C:\Users\narut\OneDrive\Documentos\Escuela\Microcomputadoras\Laboratorio\Prcatica 4 y 5\E2.asm
                      APG   0x00003e    program     static C:\Users\narut\OneDrive\Documentos\Escuela\Microcomputadoras\Laboratorio\Prcatica 4 y 5\E2.asm
                     UNOS   0x000041    program     static C:\Users\narut\OneDrive\Documentos\Escuela\Microcomputadoras\Laboratorio\Prcatica 4 y 5\E2.asm
                      DER   0x000044    program     static C:\Users\narut\OneDrive\Documentos\Escuela\Microcomputadoras\Laboratorio\Prcatica 4 y 5\E2.asm
                     DER1   0x000047    program     static C:\Users\narut\OneDrive\Documentos\Escuela\Microcomputadoras\Laboratorio\Prcatica 4 y 5\E2.asm
                      IZQ   0x00004c    program     static C:\Users\narut\OneDrive\Documentos\Escuela\Microcomputadoras\Laboratorio\Prcatica 4 y 5\E2.asm
                     IZQ1   0x00004e    program     static C:\Users\narut\OneDrive\Documentos\Escuela\Microcomputadoras\Laboratorio\Prcatica 4 y 5\E2.asm
                  retardo   0x000053    program     static C:\Users\narut\OneDrive\Documentos\Escuela\Microcomputadoras\Laboratorio\Prcatica 4 y 5\E2.asm
                     tres   0x000055    program     static C:\Users\narut\OneDrive\Documentos\Escuela\Microcomputadoras\Laboratorio\Prcatica 4 y 5\E2.asm
                      dos   0x000057    program     static C:\Users\narut\OneDrive\Documentos\Escuela\Microcomputadoras\Laboratorio\Prcatica 4 y 5\E2.asm
                      uno   0x000059    program     static C:\Users\narut\OneDrive\Documentos\Escuela\Microcomputadoras\Laboratorio\Prcatica 4 y 5\E2.asm


