MPLINK 4.48, Linker
Linker Map File - Created Thu Jul 22 12:51:32 2021

                                 Section Info
                  Section       Type    Address   Location Size(Bytes)
                ---------  ---------  ---------  ---------  ---------
                   .org_0       code   0x000000    program   0x000000
                   .org_1       code   0x000000    program   0x000002
                   .org_2       code   0x000005    program   0x000086



                              Program Memory Usage 
                               Start         End      
                           ---------   ---------      
                            0x000000    0x000000      
                            0x000005    0x000047      
            68 out of 8454 program addresses used, program memory utilization is 0%



                              Symbols - Sorted by Name
                     Name    Address   Location    Storage File                     
                ---------  ---------  ---------  --------- ---------                
                     CERO   0x00001d    program     static C:\Users\narut\OneDrive\Documentos\Escuela\Microcomputadoras\Laboratorio\Prcatica 4 y 5\Ejercicio_3_5.asm
                    CICLO   0x000011    program     static C:\Users\narut\OneDrive\Documentos\Escuela\Microcomputadoras\Laboratorio\Prcatica 4 y 5\Ejercicio_3_5.asm
                   CIEN80   0x000031    program     static C:\Users\narut\OneDrive\Documentos\Escuela\Microcomputadoras\Laboratorio\Prcatica 4 y 5\Ejercicio_3_5.asm
                      DOS   0x00003f    program     static C:\Users\narut\OneDrive\Documentos\Escuela\Microcomputadoras\Laboratorio\Prcatica 4 y 5\Ejercicio_3_5.asm
                   INICIO   0x000005    program     static C:\Users\narut\OneDrive\Documentos\Escuela\Microcomputadoras\Laboratorio\Prcatica 4 y 5\Ejercicio_3_5.asm
                NUEVECERO   0x000027    program     static C:\Users\narut\OneDrive\Documentos\Escuela\Microcomputadoras\Laboratorio\Prcatica 4 y 5\Ejercicio_3_5.asm
                  RETARDO   0x00003b    program     static C:\Users\narut\OneDrive\Documentos\Escuela\Microcomputadoras\Laboratorio\Prcatica 4 y 5\Ejercicio_3_5.asm
                     TRES   0x00003d    program     static C:\Users\narut\OneDrive\Documentos\Escuela\Microcomputadoras\Laboratorio\Prcatica 4 y 5\Ejercicio_3_5.asm
                      UNO   0x000041    program     static C:\Users\narut\OneDrive\Documentos\Escuela\Microcomputadoras\Laboratorio\Prcatica 4 y 5\Ejercicio_3_5.asm



                              Symbols - Sorted by Address
                     Name    Address   Location    Storage File                     
                ---------  ---------  ---------  --------- ---------                
                   INICIO   0x000005    program     static C:\Users\narut\OneDrive\Documentos\Escuela\Microcomputadoras\Laboratorio\Prcatica 4 y 5\Ejercicio_3_5.asm
                    CICLO   0x000011    program     static C:\Users\narut\OneDrive\Documentos\Escuela\Microcomputadoras\Laboratorio\Prcatica 4 y 5\Ejercicio_3_5.asm
                     CERO   0x00001d    program     static C:\Users\narut\OneDrive\Documentos\Escuela\Microcomputadoras\Laboratorio\Prcatica 4 y 5\Ejercicio_3_5.asm
                NUEVECERO   0x000027    program     static C:\Users\narut\OneDrive\Documentos\Escuela\Microcomputadoras\Laboratorio\Prcatica 4 y 5\Ejercicio_3_5.asm
                   CIEN80   0x000031    program     static C:\Users\narut\OneDrive\Documentos\Escuela\Microcomputadoras\Laboratorio\Prcatica 4 y 5\Ejercicio_3_5.asm
                  RETARDO   0x00003b    program     static C:\Users\narut\OneDrive\Documentos\Escuela\Microcomputadoras\Laboratorio\Prcatica 4 y 5\Ejercicio_3_5.asm
                     TRES   0x00003d    program     static C:\Users\narut\OneDrive\Documentos\Escuela\Microcomputadoras\Laboratorio\Prcatica 4 y 5\Ejercicio_3_5.asm
                      DOS   0x00003f    program     static C:\Users\narut\OneDrive\Documentos\Escuela\Microcomputadoras\Laboratorio\Prcatica 4 y 5\Ejercicio_3_5.asm
                      UNO   0x000041    program     static C:\Users\narut\OneDrive\Documentos\Escuela\Microcomputadoras\Laboratorio\Prcatica 4 y 5\Ejercicio_3_5.asm


