MPLINK 4.48, Linker
Linker Map File - Created Wed Jul 21 13:06:31 2021

                                 Section Info
                  Section       Type    Address   Location Size(Bytes)
                ---------  ---------  ---------  ---------  ---------
                   .org_0       code   0x000000    program   0x000000
                   .org_1       code   0x000000    program   0x000002
                   .org_2       code   0x000005    program   0x000096



                              Program Memory Usage 
                               Start         End      
                           ---------   ---------      
                            0x000000    0x000000      
                            0x000005    0x00004f      
            76 out of 8454 program addresses used, program memory utilization is 0%



                              Symbols - Sorted by Name
                     Name    Address   Location    Storage File                     
                ---------  ---------  ---------  --------- ---------                
                       AA   0x000047    program     static C:\Users\narut\OneDrive\Documentos\Escuela\Microcomputadoras\Laboratorio\Prcatica 4 y 5\Ejercicio_1_5.asm
                       AH   0x00004d    program     static C:\Users\narut\OneDrive\Documentos\Escuela\Microcomputadoras\Laboratorio\Prcatica 4 y 5\Ejercicio_1_5.asm
                       AP   0x000041    program     static C:\Users\narut\OneDrive\Documentos\Escuela\Microcomputadoras\Laboratorio\Prcatica 4 y 5\Ejercicio_1_5.asm
                    CICLO   0x000011    program     static C:\Users\narut\OneDrive\Documentos\Escuela\Microcomputadoras\Laboratorio\Prcatica 4 y 5\Ejercicio_1_5.asm
                       HA   0x00004a    program     static C:\Users\narut\OneDrive\Documentos\Escuela\Microcomputadoras\Laboratorio\Prcatica 4 y 5\Ejercicio_1_5.asm
                       HH   0x000044    program     static C:\Users\narut\OneDrive\Documentos\Escuela\Microcomputadoras\Laboratorio\Prcatica 4 y 5\Ejercicio_1_5.asm
                       HP   0x00003e    program     static C:\Users\narut\OneDrive\Documentos\Escuela\Microcomputadoras\Laboratorio\Prcatica 4 y 5\Ejercicio_1_5.asm
                   INICIO   0x000005    program     static C:\Users\narut\OneDrive\Documentos\Escuela\Microcomputadoras\Laboratorio\Prcatica 4 y 5\Ejercicio_1_5.asm
                       PA   0x00003b    program     static C:\Users\narut\OneDrive\Documentos\Escuela\Microcomputadoras\Laboratorio\Prcatica 4 y 5\Ejercicio_1_5.asm
                       PH   0x000038    program     static C:\Users\narut\OneDrive\Documentos\Escuela\Microcomputadoras\Laboratorio\Prcatica 4 y 5\Ejercicio_1_5.asm
                       PP   0x000035    program     static C:\Users\narut\OneDrive\Documentos\Escuela\Microcomputadoras\Laboratorio\Prcatica 4 y 5\Ejercicio_1_5.asm



                              Symbols - Sorted by Address
                     Name    Address   Location    Storage File                     
                ---------  ---------  ---------  --------- ---------                
                   INICIO   0x000005    program     static C:\Users\narut\OneDrive\Documentos\Escuela\Microcomputadoras\Laboratorio\Prcatica 4 y 5\Ejercicio_1_5.asm
                    CICLO   0x000011    program     static C:\Users\narut\OneDrive\Documentos\Escuela\Microcomputadoras\Laboratorio\Prcatica 4 y 5\Ejercicio_1_5.asm
                       PP   0x000035    program     static C:\Users\narut\OneDrive\Documentos\Escuela\Microcomputadoras\Laboratorio\Prcatica 4 y 5\Ejercicio_1_5.asm
                       PH   0x000038    program     static C:\Users\narut\OneDrive\Documentos\Escuela\Microcomputadoras\Laboratorio\Prcatica 4 y 5\Ejercicio_1_5.asm
                       PA   0x00003b    program     static C:\Users\narut\OneDrive\Documentos\Escuela\Microcomputadoras\Laboratorio\Prcatica 4 y 5\Ejercicio_1_5.asm
                       HP   0x00003e    program     static C:\Users\narut\OneDrive\Documentos\Escuela\Microcomputadoras\Laboratorio\Prcatica 4 y 5\Ejercicio_1_5.asm
                       AP   0x000041    program     static C:\Users\narut\OneDrive\Documentos\Escuela\Microcomputadoras\Laboratorio\Prcatica 4 y 5\Ejercicio_1_5.asm
                       HH   0x000044    program     static C:\Users\narut\OneDrive\Documentos\Escuela\Microcomputadoras\Laboratorio\Prcatica 4 y 5\Ejercicio_1_5.asm
                       AA   0x000047    program     static C:\Users\narut\OneDrive\Documentos\Escuela\Microcomputadoras\Laboratorio\Prcatica 4 y 5\Ejercicio_1_5.asm
                       HA   0x00004a    program     static C:\Users\narut\OneDrive\Documentos\Escuela\Microcomputadoras\Laboratorio\Prcatica 4 y 5\Ejercicio_1_5.asm
                       AH   0x00004d    program     static C:\Users\narut\OneDrive\Documentos\Escuela\Microcomputadoras\Laboratorio\Prcatica 4 y 5\Ejercicio_1_5.asm


