MPLINK 4.48, Linker
Linker Map File - Created Thu Jul 22 12:26:54 2021

                                 Section Info
                  Section       Type    Address   Location Size(Bytes)
                ---------  ---------  ---------  ---------  ---------
                   .org_0       code   0x000000    program   0x000000
                   .org_1       code   0x000000    program   0x000002
                   .org_2       code   0x000005    program   0x000124



                              Program Memory Usage 
                               Start         End      
                           ---------   ---------      
                            0x000000    0x000000      
                            0x000005    0x000096      
            147 out of 8454 program addresses used, program memory utilization is 1%



                              Symbols - Sorted by Name
                     Name    Address   Location    Storage File                     
                ---------  ---------  ---------  --------- ---------                
                   ANTI10   0x00003a    program     static C:\Users\narut\OneDrive\Documentos\Escuela\Microcomputadoras\Laboratorio\Prcatica 4 y 5\Ejercicio_2_5.asm
            ANTIVUELTAS10   0x00005e    program     static C:\Users\narut\OneDrive\Documentos\Escuela\Microcomputadoras\Laboratorio\Prcatica 4 y 5\Ejercicio_2_5.asm
                    CICLO   0x000011    program     static C:\Users\narut\OneDrive\Documentos\Escuela\Microcomputadoras\Laboratorio\Prcatica 4 y 5\Ejercicio_2_5.asm
                 DETENIDO   0x000025    program     static C:\Users\narut\OneDrive\Documentos\Escuela\Microcomputadoras\Laboratorio\Prcatica 4 y 5\Ejercicio_2_5.asm
                      DOS   0x000074    program     static C:\Users\narut\OneDrive\Documentos\Escuela\Microcomputadoras\Laboratorio\Prcatica 4 y 5\Ejercicio_2_5.asm
                   E2_DOS   0x00008e    program     static C:\Users\narut\OneDrive\Documentos\Escuela\Microcomputadoras\Laboratorio\Prcatica 4 y 5\Ejercicio_2_5.asm
                  E2_TRES   0x00008c    program     static C:\Users\narut\OneDrive\Documentos\Escuela\Microcomputadoras\Laboratorio\Prcatica 4 y 5\Ejercicio_2_5.asm
                   E2_UNO   0x000090    program     static C:\Users\narut\OneDrive\Documentos\Escuela\Microcomputadoras\Laboratorio\Prcatica 4 y 5\Ejercicio_2_5.asm
                  ESPERAR   0x00007d    program     static C:\Users\narut\OneDrive\Documentos\Escuela\Microcomputadoras\Laboratorio\Prcatica 4 y 5\Ejercicio_2_5.asm
                 ESPERAR2   0x00008a    program     static C:\Users\narut\OneDrive\Documentos\Escuela\Microcomputadoras\Laboratorio\Prcatica 4 y 5\Ejercicio_2_5.asm
                    E_DOS   0x000081    program     static C:\Users\narut\OneDrive\Documentos\Escuela\Microcomputadoras\Laboratorio\Prcatica 4 y 5\Ejercicio_2_5.asm
                   E_TRES   0x00007f    program     static C:\Users\narut\OneDrive\Documentos\Escuela\Microcomputadoras\Laboratorio\Prcatica 4 y 5\Ejercicio_2_5.asm
                    E_UNO   0x000083    program     static C:\Users\narut\OneDrive\Documentos\Escuela\Microcomputadoras\Laboratorio\Prcatica 4 y 5\Ejercicio_2_5.asm
                 HORARIO5   0x000028    program     static C:\Users\narut\OneDrive\Documentos\Escuela\Microcomputadoras\Laboratorio\Prcatica 4 y 5\Ejercicio_2_5.asm
                   INICIO   0x000005    program     static C:\Users\narut\OneDrive\Documentos\Escuela\Microcomputadoras\Laboratorio\Prcatica 4 y 5\Ejercicio_2_5.asm
                  REGRESO   0x00002a    program     static C:\Users\narut\OneDrive\Documentos\Escuela\Microcomputadoras\Laboratorio\Prcatica 4 y 5\Ejercicio_2_5.asm
                 REGRESO2   0x00003c    program     static C:\Users\narut\OneDrive\Documentos\Escuela\Microcomputadoras\Laboratorio\Prcatica 4 y 5\Ejercicio_2_5.asm
                 REGRESO3   0x00004e    program     static C:\Users\narut\OneDrive\Documentos\Escuela\Microcomputadoras\Laboratorio\Prcatica 4 y 5\Ejercicio_2_5.asm
                 REGRESO4   0x000060    program     static C:\Users\narut\OneDrive\Documentos\Escuela\Microcomputadoras\Laboratorio\Prcatica 4 y 5\Ejercicio_2_5.asm
                  RETARDO   0x000070    program     static C:\Users\narut\OneDrive\Documentos\Escuela\Microcomputadoras\Laboratorio\Prcatica 4 y 5\Ejercicio_2_5.asm
                     TRES   0x000072    program     static C:\Users\narut\OneDrive\Documentos\Escuela\Microcomputadoras\Laboratorio\Prcatica 4 y 5\Ejercicio_2_5.asm
                      UNO   0x000076    program     static C:\Users\narut\OneDrive\Documentos\Escuela\Microcomputadoras\Laboratorio\Prcatica 4 y 5\Ejercicio_2_5.asm
                 VUELTAS5   0x00004c    program     static C:\Users\narut\OneDrive\Documentos\Escuela\Microcomputadoras\Laboratorio\Prcatica 4 y 5\Ejercicio_2_5.asm



                              Symbols - Sorted by Address
                     Name    Address   Location    Storage File                     
                ---------  ---------  ---------  --------- ---------                
                   INICIO   0x000005    program     static C:\Users\narut\OneDrive\Documentos\Escuela\Microcomputadoras\Laboratorio\Prcatica 4 y 5\Ejercicio_2_5.asm
                    CICLO   0x000011    program     static C:\Users\narut\OneDrive\Documentos\Escuela\Microcomputadoras\Laboratorio\Prcatica 4 y 5\Ejercicio_2_5.asm
                 DETENIDO   0x000025    program     static C:\Users\narut\OneDrive\Documentos\Escuela\Microcomputadoras\Laboratorio\Prcatica 4 y 5\Ejercicio_2_5.asm
                 HORARIO5   0x000028    program     static C:\Users\narut\OneDrive\Documentos\Escuela\Microcomputadoras\Laboratorio\Prcatica 4 y 5\Ejercicio_2_5.asm
                  REGRESO   0x00002a    program     static C:\Users\narut\OneDrive\Documentos\Escuela\Microcomputadoras\Laboratorio\Prcatica 4 y 5\Ejercicio_2_5.asm
                   ANTI10   0x00003a    program     static C:\Users\narut\OneDrive\Documentos\Escuela\Microcomputadoras\Laboratorio\Prcatica 4 y 5\Ejercicio_2_5.asm
                 REGRESO2   0x00003c    program     static C:\Users\narut\OneDrive\Documentos\Escuela\Microcomputadoras\Laboratorio\Prcatica 4 y 5\Ejercicio_2_5.asm
                 VUELTAS5   0x00004c    program     static C:\Users\narut\OneDrive\Documentos\Escuela\Microcomputadoras\Laboratorio\Prcatica 4 y 5\Ejercicio_2_5.asm
                 REGRESO3   0x00004e    program     static C:\Users\narut\OneDrive\Documentos\Escuela\Microcomputadoras\Laboratorio\Prcatica 4 y 5\Ejercicio_2_5.asm
            ANTIVUELTAS10   0x00005e    program     static C:\Users\narut\OneDrive\Documentos\Escuela\Microcomputadoras\Laboratorio\Prcatica 4 y 5\Ejercicio_2_5.asm
                 REGRESO4   0x000060    program     static C:\Users\narut\OneDrive\Documentos\Escuela\Microcomputadoras\Laboratorio\Prcatica 4 y 5\Ejercicio_2_5.asm
                  RETARDO   0x000070    program     static C:\Users\narut\OneDrive\Documentos\Escuela\Microcomputadoras\Laboratorio\Prcatica 4 y 5\Ejercicio_2_5.asm
                     TRES   0x000072    program     static C:\Users\narut\OneDrive\Documentos\Escuela\Microcomputadoras\Laboratorio\Prcatica 4 y 5\Ejercicio_2_5.asm
                      DOS   0x000074    program     static C:\Users\narut\OneDrive\Documentos\Escuela\Microcomputadoras\Laboratorio\Prcatica 4 y 5\Ejercicio_2_5.asm
                      UNO   0x000076    program     static C:\Users\narut\OneDrive\Documentos\Escuela\Microcomputadoras\Laboratorio\Prcatica 4 y 5\Ejercicio_2_5.asm
                  ESPERAR   0x00007d    program     static C:\Users\narut\OneDrive\Documentos\Escuela\Microcomputadoras\Laboratorio\Prcatica 4 y 5\Ejercicio_2_5.asm
                   E_TRES   0x00007f    program     static C:\Users\narut\OneDrive\Documentos\Escuela\Microcomputadoras\Laboratorio\Prcatica 4 y 5\Ejercicio_2_5.asm
                    E_DOS   0x000081    program     static C:\Users\narut\OneDrive\Documentos\Escuela\Microcomputadoras\Laboratorio\Prcatica 4 y 5\Ejercicio_2_5.asm
                    E_UNO   0x000083    program     static C:\Users\narut\OneDrive\Documentos\Escuela\Microcomputadoras\Laboratorio\Prcatica 4 y 5\Ejercicio_2_5.asm
                 ESPERAR2   0x00008a    program     static C:\Users\narut\OneDrive\Documentos\Escuela\Microcomputadoras\Laboratorio\Prcatica 4 y 5\Ejercicio_2_5.asm
                  E2_TRES   0x00008c    program     static C:\Users\narut\OneDrive\Documentos\Escuela\Microcomputadoras\Laboratorio\Prcatica 4 y 5\Ejercicio_2_5.asm
                   E2_DOS   0x00008e    program     static C:\Users\narut\OneDrive\Documentos\Escuela\Microcomputadoras\Laboratorio\Prcatica 4 y 5\Ejercicio_2_5.asm
                   E2_UNO   0x000090    program     static C:\Users\narut\OneDrive\Documentos\Escuela\Microcomputadoras\Laboratorio\Prcatica 4 y 5\Ejercicio_2_5.asm


