MPLINK 4.48, Linker
Linker Map File - Created Thu Jun 24 13:04:54 2021

                                 Section Info
                  Section       Type    Address   Location Size(Bytes)
                ---------  ---------  ---------  ---------  ---------
                   .org_0       code   0x000000    program   0x000000
                   .org_1       code   0x000000    program   0x000002
                   .org_2       code   0x000005    program   0x000024



                              Program Memory Usage 
                               Start         End      
                           ---------   ---------      
                            0x000000    0x000000      
                            0x000005    0x000016      
            19 out of 8454 program addresses used, program memory utilization is 0%



                              Symbols - Sorted by Name
                     Name    Address   Location    Storage File                     
                ---------  ---------  ---------  --------- ---------                
                   INICIO   0x000005    program     static C:\Users\narut\OneDrive\Documentos\Escuela\Microcomputadoras\Laboratorio\Practica 2\Ejercicio_2.asm
                     LOOP   0x00000a    program     static C:\Users\narut\OneDrive\Documentos\Escuela\Microcomputadoras\Laboratorio\Practica 2\Ejercicio_2.asm
                 NEGATIVO   0x000011    program     static C:\Users\narut\OneDrive\Documentos\Escuela\Microcomputadoras\Laboratorio\Practica 2\Ejercicio_2.asm
                 POSITIVO   0x000015    program     static C:\Users\narut\OneDrive\Documentos\Escuela\Microcomputadoras\Laboratorio\Practica 2\Ejercicio_2.asm



                              Symbols - Sorted by Address
                     Name    Address   Location    Storage File                     
                ---------  ---------  ---------  --------- ---------                
                   INICIO   0x000005    program     static C:\Users\narut\OneDrive\Documentos\Escuela\Microcomputadoras\Laboratorio\Practica 2\Ejercicio_2.asm
                     LOOP   0x00000a    program     static C:\Users\narut\OneDrive\Documentos\Escuela\Microcomputadoras\Laboratorio\Practica 2\Ejercicio_2.asm
                 NEGATIVO   0x000011    program     static C:\Users\narut\OneDrive\Documentos\Escuela\Microcomputadoras\Laboratorio\Practica 2\Ejercicio_2.asm
                 POSITIVO   0x000015    program     static C:\Users\narut\OneDrive\Documentos\Escuela\Microcomputadoras\Laboratorio\Practica 2\Ejercicio_2.asm


